Lenny seated at table-01
Lenny finished at table-01
Julia served 1
