Larry seated at table-01
Mike seated at table-02
Cindy seated at table-04
Lenny seated at table-05
Larry finished at table-01
Lenny finished at table-05
Jim seated at table-05
Jim finished at table-05
Mike finished at table-02
Cindy finished at table-04
Julia served 171
