Bobby seated at table-50
Bobby finished at table-50
Carl served 2
